[    0.000000] Linux version 4.15.0-171-generic (buildd@ubuntu) (gcc version 7.5.0 (Ubuntu 7.5.0-3ubuntu1~18.04)) #180-Ubuntu SMP Wed Mar 2 17:25:05 UTC 2022 (Ubuntu 4.15.0-171.180-generic 4.15.18)
[    0.000000] Command line: BOOT_IMAGE=/boot/vmlinuz-4.15.0-171-generic root=LABEL=cloudimg-rootfs ro console=tty1 console=ttyS0
[    0.000000] KERNEL supported cpus:
[    0.000000]   Intel GenuineIntel
[    0.000000]   AMD AuthenticAMD
[    0.000000]   Centaur CentaurHauls
[    0.000000] x86/fpu: Supporting XSAVE feature 0x001: 'x87 floating point registers'
[    0.000000] x86/fpu: Supporting XSAVE feature 0x002: 'SSE registers'
[    0.000000] x86/fpu: Supporting XSAVE feature 0x004: 'AVX registers'
[    0.000000] x86/fpu: xstate_offset[2]:  576, xstate_sizes[2]:  256
[    0.000000] x86/fpu: Enabled xstate features 0x7, context size is 832 bytes, using 'standard' format.
[    0.000000] e820: BIOS-provided physical RAM map:
[    0.000000] BIOS-e820: [mem 0x0000000000000000-0x000000000009fbff] usable
[    0.000000] BIOS-e820: [mem 0x000000000009fc00-0x000000000009ffff] reserved
[    0.000000] BIOS-e820: [mem 0x00000000000f0000-0x00000000000fffff] reserved
[    0.000000] BIOS-e820: [mem 0x0000000000100000-0x00000000dffeffff] usable
[    0.000000] BIOS-e820: [mem 0x00000000dfff0000-0x00000000dfffffff] ACPI data
[    0.000000] BIOS-e820: [mem 0x00000000fec00000-0x00000000fec00fff] reserved
[    0.000000] BIOS-e820: [mem 0x00000000fee00000-0x00000000fee00fff] reserved
[    0.000000] BIOS-e820: [mem 0x00000000fffc0000-0x00000000ffffffff] reserved
[    0.000000] BIOS-e820: [mem 0x0000000100000000-0x000000021fffffff] usable
[    0.000000] NX (Execute Disable) protection: active
[    0.000000] SMBIOS 2.5 present.
[    0.000000] DMI: innotek GmbH VirtualBox/VirtualBox, BIOS VirtualBox 12/01/2006
[    0.000000] Hypervisor detected: KVM
[    0.000000] e820: last_pfn = 0x220000 max_arch_pfn = 0x400000000
[    0.000000] MTRR: Disabled
[    0.000000] x86/PAT: MTRRs disabled, skipping PAT initialization too.
[    0.000000] CPU MTRRs all blank - virtualized system.
[    0.000000] x86/PAT: Configuration [0-7]: WB  WT  UC- UC  WB  WT  UC- UC  
[    0.000000] e820: last_pfn = 0xdfff0 max_arch_pfn = 0x400000000
[    0.000000] found SMP MP-table at [mem 0x0009fff0-0x0009ffff]
[    0.000000] Scanning 1 areas for low memory corruption
[    0.000000] RAMDISK: [mem 0x359cb000-0x36cdcfff]
[    0.000000] ACPI: Early table checksum verification disabled
[    0.000000] ACPI: RSDP 0x00000000000E0000 000024 (v02 VBOX  )
[    0.000000] ACPI: XSDT 0x00000000DFFF0030 00003C (v01 VBOX   VBOXXSDT 00000001 ASL  00000061)
[    0.000000] ACPI: FACP 0x00000000DFFF00F0 0000F4 (v04 VBOX   VBOXFACP 00000001 ASL  00000061)
[    0.000000] ACPI: DSDT 0x00000000DFFF0470 002325 (v02 VBOX   VBOXBIOS 00000002 INTL 20190509)
[    0.000000] ACPI: FACS 0x00000000DFFF0200 000040
[    0.000000] ACPI: FACS 0x00000000DFFF0200 000040
[    0.000000] ACPI: APIC 0x00000000DFFF0240 00005C (v02 VBOX   VBOXAPIC 00000001 ASL  00000061)
[    0.000000] ACPI: SSDT 0x00000000DFFF02A0 0001CC (v01 VBOX   VBOXCPUT 00000002 INTL 20190509)
[    0.000000] ACPI: Reserving FACP table memory at [mem 0xdfff00f0-0xdfff01e3]
[    0.000000] ACPI: Reserving DSDT table memory at [mem 0xdfff0470-0xdfff2794]
[    0.000000] ACPI: Reserving FACS table memory at [mem 0xdfff0200-0xdfff023f]
[    0.000000] ACPI: Reserving FACS table memory at [mem 0xdfff0200-0xdfff023f]
[    0.000000] ACPI: Reserving APIC table memory at [mem 0xdfff0240-0xdfff029b]
[    0.000000] ACPI: Reserving SSDT table memory at [mem 0xdfff02a0-0xdfff046b]
[    0.000000] No NUMA configuration found
[    0.000000] Faking a node at [mem 0x0000000000000000-0x000000021fffffff]
[    0.000000] NODE_DATA(0) allocated [mem 0x21ffd1000-0x21fffbfff]
[    0.000000] kvm-clock: cpu 0, msr 2:1ff50001, primary cpu clock
[    0.000000] kvm-clock: Using msrs 4b564d01 and 4b564d00
[    0.000000] kvm-clock: using sched offset of 3133957470 cycles
[    0.000000] clocksource: kvm-clock: mask: 0xffffffffffffffff max_cycles: 0x1cd42e4dffb, max_idle_ns: 881590591483 ns
[    0.000000] Zone ranges:
[    0.000000]   DMA      [mem 0x0000000000001000-0x0000000000ffffff]
[    0.000000]   DMA32    [mem 0x0000000001000000-0x00000000ffffffff]
[    0.000000]   Normal   [mem 0x0000000100000000-0x000000021fffffff]
[    0.000000]   Device   empty
[    0.000000] Movable zone start for each node
[    0.000000] Early memory node ranges
[    0.000000]   node   0: [mem 0x0000000000001000-0x000000000009efff]
[    0.000000]   node   0: [mem 0x0000000000100000-0x00000000dffeffff]
[    0.000000]   node   0: [mem 0x0000000100000000-0x000000021fffffff]
[    0.000000] Reserved but unavailable: 104 pages
[    0.000000] Initmem setup node 0 [mem 0x0000000000001000-0x000000021fffffff]
[    0.000000] ACPI: PM-Timer IO Port: 0x4008
[    0.000000] IOAPIC[0]: apic_id 2, version 32, address 0xfec00000, GSI 0-23
[    0.000000] ACPI: INT_SRC_OVR (bus 0 bus_irq 0 global_irq 2 dfl dfl)
[    0.000000] ACPI: INT_SRC_OVR (bus 0 bus_irq 9 global_irq 9 low level)
[    0.000000] Using ACPI (MADT) for SMP configuration information
[    0.000000] smpboot: Allowing 2 CPUs, 0 hotplug CPUs
[    0.000000] PM: Registered nosave memory: [mem 0x00000000-0x00000fff]
[    0.000000] PM: Registered nosave memory: [mem 0x0009f000-0x0009ffff]
[    0.000000] PM: Registered nosave memory: [mem 0x000a0000-0x000effff]
[    0.000000] PM: Registered nosave memory: [mem 0x000f0000-0x000fffff]
[    0.000000] PM: Registered nosave memory: [mem 0xdfff0000-0xdfffffff]
[    0.000000] PM: Registered nosave memory: [mem 0xe0000000-0xfebfffff]
[    0.000000] PM: Registered nosave memory: [mem 0xfec00000-0xfec00fff]
[    0.000000] PM: Registered nosave memory: [mem 0xfec01000-0xfedfffff]
[    0.000000] PM: Registered nosave memory: [mem 0xfee00000-0xfee00fff]
[    0.000000] PM: Registered nosave memory: [mem 0xfee01000-0xfffbffff]
[    0.000000] PM: Registered nosave memory: [mem 0xfffc0000-0xffffffff]
[    0.000000] e820: [mem 0xe0000000-0xfebfffff] available for PCI devices
[    0.000000] Booting paravirtualized kernel on KVM
[    0.000000] clocksource: refined-jiffies: mask: 0xffffffff max_cycles: 0xffffffff, max_idle_ns: 7645519600211568 ns
[    0.000000] random: get_random_bytes called from start_kernel+0x99/0x500 with crng_init=0
[    0.000000] setup_percpu: NR_CPUS:8192 nr_cpumask_bits:2 nr_cpu_ids:2 nr_node_ids:1
[    0.000000] percpu: Embedded 50 pages/cpu s167936 r8192 d28672 u1048576
[    0.000000] PV qspinlock hash table entries: 256 (order: 0, 4096 bytes)
[    0.000000] Built 1 zonelists, mobility grouping on.  Total pages: 2064249
[    0.000000] Policy zone: Normal
[    0.000000] Kernel command line: BOOT_IMAGE=/boot/vmlinuz-4.15.0-171-generic root=LABEL=cloudimg-rootfs ro console=tty1 console=ttyS0
[    0.000000] Memory: 8142016K/8388152K available (12300K kernel code, 2483K rwdata, 4324K rodata, 2476K init, 2724K bss, 246136K reserved, 0K cma-reserved)
[    0.000000] SLUB: HWalign=64, Order=0-3, MinObjects=0, CPUs=2, Nodes=1
[    0.000000] Kernel/User page tables isolation: enabled
[    0.000000] ftrace: allocating 39503 entries in 155 pages
[    0.004000] Hierarchical RCU implementation.
[    0.004000] 	RCU restricting CPUs from NR_CPUS=8192 to nr_cpu_ids=2.
[    0.004000] 	Tasks RCU enabled.
[    0.004000] RCU: Adjusting geometry for rcu_fanout_leaf=16, nr_cpu_ids=2
[    0.004000] NR_IRQS: 524544, nr_irqs: 440, preallocated irqs: 16
[    0.004000] Console: colour VGA+ 80x25
[    0.004000] console [tty1] enabled
[    0.004000] console [ttyS0] enabled
[    0.004000] ACPI: Core revision 20170831
[    0.004000] ACPI: 2 ACPI AML tables successfully acquired and loaded
[    0.004000] APIC: Switch to symmetric I/O mode setup
[    0.004000] x2apic enabled
[    0.004000] Switched APIC routing to physical x2apic.
[    0.004000] ..TIMER: vector=0x30 apic1=0 pin1=2 apic2=-1 pin2=-1
[    0.004004] tsc: Detected 3191.986 MHz processor
[    0.004694] Calibrating delay loop (skipped) preset value.. 6383.97 BogoMIPS (lpj=12767944)
[    0.005291] pid_max: default: 32768 minimum: 301
[    0.006027] Security Framework initialized
[    0.006653] Yama: becoming mindful.
[    0.008018] AppArmor: AppArmor initialized
[    0.011020] Dentry cache hash table entries: 1048576 (order: 11, 8388608 bytes)
[    0.013175] Inode-cache hash table entries: 524288 (order: 10, 4194304 bytes)
[    0.014200] Mount-cache hash table entries: 16384 (order: 5, 131072 bytes)
[    0.015204] Mountpoint-cache hash table entries: 16384 (order: 5, 131072 bytes)
[    0.016232] Last level iTLB entries: 4KB 64, 2MB 8, 4MB 8
[    0.017082] Last level dTLB entries: 4KB 64, 2MB 0, 4MB 0, 1GB 4
[    0.017947] Spectre V1 : Mitigation: usercopy/swapgs barriers and __user pointer sanitization
[    0.019199] Spectre V2 : Mitigation: Retpolines
[    0.020001] Spectre V2 : Spectre v2 / SpectreRSB mitigation: Filling RSB on context switch
[    0.021219] Speculative Store Bypass: Vulnerable
[    0.021971] SRBDS: Unknown: Dependent on hypervisor status
[    0.022770] MDS: Mitigation: Clear CPU buffers
[    0.023614] Freeing SMP alternatives memory: 36K
[    0.135193] smpboot: CPU0: Intel(R) Core(TM) i7-8700 CPU @ 3.20GHz (family: 0x6, model: 0x9e, stepping: 0xa)
[    0.136000] Performance Events: unsupported p6 CPU model 158 no PMU driver, software events only.
[    0.136000] Hierarchical SRCU implementation.
[    0.136000] NMI watchdog: Perf event create on CPU 0 failed with -2
[    0.136001] NMI watchdog: Perf NMI watchdog permanently disabled
[    0.137348] smp: Bringing up secondary CPUs ...
[    0.138063] x86: Booting SMP configuration:
[    0.138683] .... node  #0, CPUs:      #1
[    0.004000] kvm-clock: cpu 1, msr 2:1ff50041, secondary cpu clock
[    0.142787] smp: Brought up 1 node, 2 CPUs
[    0.142787] smpboot: Max logical packages: 1
[    0.144003] smpboot: Total of 2 processors activated (12767.94 BogoMIPS)
[    0.145185] devtmpfs: initialized
[    0.145185] x86/mm: Memory block size: 128MB
[    0.145782] evm: security.selinux
[    0.146339] evm: security.SMACK64
[    0.148002] evm: security.SMACK64EXEC
[    0.148552] evm: security.SMACK64TRANSMUTE
[    0.149223] evm: security.SMACK64MMAP
[    0.149772] evm: security.apparmor
[    0.150316] evm: security.ima
[    0.150881] evm: security.capability
[    0.152021] clocksource: jiffies: mask: 0xffffffff max_cycles: 0xffffffff, max_idle_ns: 7645041785100000 ns
[    0.153428] futex hash table entries: 512 (order: 3, 32768 bytes)
[    0.154299] pinctrl core: initialized pinctrl subsystem
[    0.155149] RTC time: 13:00:40, date: 05/26/23
[    0.156054] NET: Registered protocol family 16
[    0.156777] audit: initializing netlink subsys (disabled)
[    0.157607] audit: type=2000 audit(1685106044.867:1): state=initialized audit_enabled=0 res=1
[    0.157607] cpuidle: using governor ladder
[    0.157607] cpuidle: using governor menu
[    0.157607] ACPI: bus type PCI registered
[    0.160003] acpiphp: ACPI Hot Plug PCI Controller Driver version: 0.5
[    0.161012] PCI: Using configuration type 1 for base access
[    0.161819] HugeTLB registered 2.00 MiB page size, pre-allocated 0 pages
[    0.164056] ACPI: Added _OSI(Module Device)
[    0.164780] ACPI: Added _OSI(Processor Device)
[    0.165426] ACPI: Added _OSI(3.0 _SCP Extensions)
[    0.166102] ACPI: Added _OSI(Processor Aggregator Device)
[    0.166900] ACPI: Added _OSI(Linux-Dell-Video)
[    0.168002] ACPI: Added _OSI(Linux-Lenovo-NV-HDMI-Audio)
[    0.168754] ACPI: Added _OSI(Linux-HPI-Hybrid-Graphics)
[    0.169746] ACPI: Executed 1 blocks of module-level executable AML code
[    0.173793] ACPI: Interpreter enabled
[    0.174400] ACPI: (supports S0 S5)
[    0.174950] ACPI: Using IOAPIC for interrupt routing
[    0.175861] PCI: Using host bridge windows from ACPI; if necessary, use "pci=nocrs" and report a bug
[    0.176139] ACPI: Enabled 2 GPEs in block 00 to 07
[    0.184557] ACPI: PCI Root Bridge [PCI0] (domain 0000 [bus 00-ff])
[    0.185467] acpi PNP0A03:00: _OSC: OS supports [ASPM ClockPM Segments MSI]
[    0.186894] acpi PNP0A03:00: _OSC: not requesting OS control; OS requires [ExtendedConfig ASPM ClockPM MSI]
[    0.188011] acpi PNP0A03:00: fail to add MMCONFIG information, can't access extended PCI configuration space under this bridge.
[    0.189937] PCI host bridge to bus 0000:00
[    0.190544] pci_bus 0000:00: root bus resource [io  0x0000-0x0cf7 window]
[    0.191511] pci_bus 0000:00: root bus resource [io  0x0d00-0xffff window]
[    0.192002] pci_bus 0000:00: root bus resource [mem 0x000a0000-0x000bffff window]
[    0.193131] pci_bus 0000:00: root bus resource [mem 0xe0000000-0xfdffffff window]
[    0.194242] pci_bus 0000:00: root bus resource [bus 00-ff]
[    0.196994] pci 0000:00:01.1: legacy IDE quirk: reg 0x10: [io  0x01f0-0x01f7]
[    0.198000] pci 0000:00:01.1: legacy IDE quirk: reg 0x14: [io  0x03f6]
[    0.198929] pci 0000:00:01.1: legacy IDE quirk: reg 0x18: [io  0x0170-0x0177]
[    0.199897] pci 0000:00:01.1: legacy IDE quirk: reg 0x1c: [io  0x0376]
[    0.253265] pci 0000:00:07.0: quirk: [io  0x4000-0x403f] claimed by PIIX4 ACPI
[    0.256009] pci 0000:00:07.0: quirk: [io  0x4100-0x410f] claimed by PIIX4 SMB
[    0.292990] ACPI: PCI Interrupt Link [LNKA] (IRQs 5 9 10 *11)
[    0.294176] ACPI: PCI Interrupt Link [LNKB] (IRQs 5 9 *10 11)
[    0.295140] ACPI: PCI Interrupt Link [LNKC] (IRQs 5 *9 10 11)
[    0.296090] ACPI: PCI Interrupt Link [LNKD] (IRQs 5 9 10 *11)
[    0.297234] SCSI subsystem initialized
[    0.297913] pci 0000:00:02.0: vgaarb: setting as boot VGA device
[    0.297913] pci 0000:00:02.0: vgaarb: VGA device added: decodes=io+mem,owns=io+mem,locks=none
[    0.300007] pci 0000:00:02.0: vgaarb: bridge control possible
[    0.300899] vgaarb: loaded
[    0.301440] ACPI: bus type USB registered
[    0.302064] usbcore: registered new interface driver usbfs
[    0.302938] usbcore: registered new interface driver hub
[    0.304007] usbcore: registered new device driver usb
[    0.304813] EDAC MC: Ver: 3.0.0
[    0.304813] PCI: Using ACPI for IRQ routing
[    0.304892] NetLabel: Initializing
[    0.305507] NetLabel:  domain hash size = 128
[    0.306196] NetLabel:  protocols = UNLABELED CIPSOv4 CALIPSO
[    0.308013] NetLabel:  unlabeled traffic allowed by default
[    0.308851] clocksource: Switched to clocksource kvm-clock
[    0.317651] VFS: Disk quotas dquot_6.6.0
[    0.318325] VFS: Dquot-cache hash table entries: 512 (order 0, 4096 bytes)
[    0.319366] AppArmor: AppArmor Filesystem Enabled
[    0.320071] pnp: PnP ACPI init
[    0.321402] pnp: PnP ACPI: found 3 devices
[    0.329333] clocksource: acpi_pm: mask: 0xffffff max_cycles: 0xffffff, max_idle_ns: 2085701024 ns
[    0.330656] NET: Registered protocol family 2
[    0.331445] IP idents hash table entries: 131072 (order: 8, 1048576 bytes)
[    0.332987] TCP established hash table entries: 65536 (order: 7, 524288 bytes)
[    0.334616] TCP bind hash table entries: 65536 (order: 8, 1048576 bytes)
[    0.335608] TCP: Hash tables configured (established 65536 bind 65536)
[    0.336630] UDP hash table entries: 4096 (order: 5, 131072 bytes)
[    0.337493] UDP-Lite hash table entries: 4096 (order: 5, 131072 bytes)
[    0.338435] NET: Registered protocol family 1
[    0.339080] pci 0000:00:00.0: Limiting direct PCI/PCI transfers
[    0.339990] pci 0000:00:01.0: Activating ISA DMA hang workarounds
[    0.340912] pci 0000:00:02.0: Video device with shadowed ROM at [mem 0x000c0000-0x000dffff]
[    0.342191] Unpacking initramfs...
[    0.533413] Freeing initrd memory: 19528K
[    0.534105] PCI-DMA: Using software bounce buffering for IO (SWIOTLB)
[    0.534993] software IO TLB: mapped [mem 0xdbff0000-0xdfff0000] (64MB)
[    0.535972] clocksource: tsc: mask: 0xffffffffffffffff max_cycles: 0x2e02b7b5578, max_idle_ns: 440795326068 ns
[    0.537505] platform rtc_cmos: registered platform RTC device (no PNP device found)
[    0.538618] Scanning for low memory corruption every 60 seconds
[    0.539987] Initialise system trusted keyrings
[    0.540708] Key type blacklist registered
[    0.541411] workingset: timestamp_bits=36 max_order=21 bucket_order=0
[    0.543073] zbud: loaded
[    0.543909] squashfs: version 4.0 (2009/01/31) Phillip Lougher
[    0.545016] fuse init (API version 7.26)
[    0.547332] Key type asymmetric registered
[    0.548022] Asymmetric key parser 'x509' registered
[    0.548774] Block layer SCSI generic (bsg) driver version 0.4 loaded (major 246)
[    0.549920] io scheduler noop registered
[    0.550559] io scheduler deadline registered
[    0.551201] io scheduler cfq registered (default)
[    0.552187] ACPI: AC Adapter [AC] (on-line)
[    0.552838] input: Power Button as /devices/LNXSYSTM:00/LNXPWRBN:00/input/input0
[    0.553981] ACPI: Power Button [PWRF]
[    0.554598] input: Sleep Button as /devices/LNXSYSTM:00/LNXSLPBN:00/input/input1
[    0.555714] ACPI: Sleep Button [SLPF]
[    0.556626] Serial: 8250/16550 driver, 32 ports, IRQ sharing enabled
[    0.578019] 00:02: ttyS0 at I/O 0x3f8 (irq = 4, base_baud = 115200) is a 16550A
[    0.580908] Linux agpgart interface v0.103
[    0.583010] loop: module loaded
[    0.583925] scsi host0: ata_piix
[    0.584571] scsi host1: ata_piix
[    0.585137] ata1: PATA max UDMA/33 cmd 0x1f0 ctl 0x3f6 bmdma 0xd000 irq 14
[    0.586080] ata2: PATA max UDMA/33 cmd 0x170 ctl 0x376 bmdma 0xd008 irq 15
[    0.587098] libphy: Fixed MDIO Bus: probed
[    0.587765] tun: Universal TUN/TAP device driver, 1.6
[    0.588613] PPP generic driver version 2.4.2
[    0.589336] ehci_hcd: USB 2.0 'Enhanced' Host Controller (EHCI) Driver
[    0.590253] ehci-pci: EHCI PCI platform driver
[    0.590917] ehci-platform: EHCI generic platform driver
[    0.591690] ohci_hcd: USB 1.1 'Open' Host Controller (OHCI) Driver
[    0.592628] ohci-pci: OHCI PCI platform driver
[    0.593311] ohci-platform: OHCI generic platform driver
[    0.594056] uhci_hcd: USB Universal Host Controller Interface driver
[    0.594966] i8042: PNP: PS/2 Controller [PNP0303:PS2K,PNP0f03:PS2M] at 0x60,0x64 irq 1,12
[    0.596637] serio: i8042 KBD port at 0x60,0x64 irq 1
[    0.597368] serio: i8042 AUX port at 0x60,0x64 irq 12
[    0.598267] mousedev: PS/2 mouse device common for all mice
[    0.599617] input: AT Translated Set 2 keyboard as /devices/platform/i8042/serio0/input/input2
[    0.601046] rtc_cmos rtc_cmos: rtc core: registered rtc_cmos as rtc0
[    0.602020] rtc_cmos rtc_cmos: alarms up to one day, 114 bytes nvram
[    0.602895] i2c /dev entries driver
[    0.603451] device-mapper: uevent: version 1.0.3
[    0.604353] device-mapper: ioctl: 4.37.0-ioctl (2017-09-20) initialised: dm-devel@redhat.com
[    0.605674] ledtrig-cpu: registered to indicate activity on CPUs
[    0.606783] NET: Registered protocol family 10
[    0.610422] Segment Routing with IPv6
[    0.611034] NET: Registered protocol family 17
[    0.611731] Key type dns_resolver registered
[    0.612526] mce: Using 0 MCE banks
[    0.613057] RAS: Correctable Errors collector initialized.
[    0.613838] sched_clock: Marking stable (612492066, 0)->(845306887, -232814821)
[    0.615293] registered taskstats version 1
[    0.615961] Loading compiled-in X.509 certificates
[    0.618261] Loaded X.509 cert 'Build time autogenerated kernel key: af32452646252a8bcb28446c2c4754d4174d97ad'
[    0.620080] Loaded X.509 cert 'Canonical Ltd. Live Patch Signing: 14df34d1a87cf37625abec039ef2bf521249b969'
[    0.621841] Loaded X.509 cert 'Canonical Ltd. Kernel Module Signing: 88f752e560a1e0737e31163a466ad7b70a850c19'
[    0.623239] blacklist: Loading compiled-in revocation X.509 certificates
[    0.624230] Loaded X.509 cert 'Canonical Ltd. Secure Boot Signing: 61482aa2830d0ab2ad5af10b7250da9033ddcef0'
[    0.625608] zswap: loaded using pool lzo/zbud
[    0.628774] Key type big_key registered
[    0.629378] Key type trusted registered
[    0.631225] Key type encrypted registered
[    0.631858] AppArmor: AppArmor sha1 policy hashing enabled
[    0.632717] ima: No TPM chip found, activating TPM-bypass! (rc=-19)
[    0.633616] ima: Allocated hash algorithm: sha1
[    0.634323] evm: HMAC attrs: 0x1
[    0.634993]   Magic number: 7:288:29
[    0.635703] rtc_cmos rtc_cmos: setting system clock to 2023-05-26 13:00:41 UTC (1685106041)
[    0.637208] BIOS EDD facility v0.16 2004-Jun-25, 0 devices found
[    0.638120] EDD information not available.
[    0.770190] Freeing unused kernel image memory: 2476K
[    1.563533] Write protecting the kernel read-only data: 20480k
[    1.569391] Freeing unused kernel image memory: 2008K
[    1.570397] Freeing unused kernel image memory: 1820K
[    1.577837] x86/mm: Checked W+X mappings: passed, no W+X pages found.
[    1.578804] x86/mm: Checking user space page tables
[    1.586058] x86/mm: Checked W+X mappings: passed, no W+X pages found.
Loading, please wait...
starting version 237
[    1.638271] e1000: Intel(R) PRO/1000 Network Driver - version 7.3.21-k8-NAPI
[    1.639348] e1000: Copyright (c) 1999-2006 Intel Corporation.
[    1.644989] Fusion MPT base driver 3.04.20
[    1.645630] Copyright (c) 1999-2008 LSI Corporation
[    1.653426] Fusion MPT SPI Host driver 3.04.20
[    1.656865] AVX2 version of gcm_enc/dec engaged.
[    1.657567] AES CTR mode by8 optimization enabled
[    1.873426] input: ImExPS/2 Generic Explorer Mouse as /devices/platform/i8042/serio1/input/input4
[    2.650684] e1000 0000:00:03.0 eth0: (PCI:33MHz:32-bit) 02:c8:d3:21:ca:c6
[    2.651730] e1000 0000:00:03.0 eth0: Intel(R) PRO/1000 Network Connection
[    2.653579] mptbase: ioc0: Initiating bringup
[    3.653548] ioc0: LSI53C1030 A0: Capabilities={Initiator}
[    6.560144] scsi host2: ioc0: LSI53C1030 A0, FwRev=00000000h, Ports=1, MaxQ=256, IRQ=20
[    8.226192] scsi 2:0:0:0: Direct-Access     VBOX     HARDDISK         1.0  PQ: 0 ANSI: 5
[    8.260107] scsi target2:0:0: Beginning Domain Validation
[    8.263581] scsi target2:0:0: Domain Validation skipping write tests
[    8.265265] scsi target2:0:0: Ending Domain Validation
[    8.266684] scsi target2:0:0: asynchronous
[    8.268519] scsi 2:0:1:0: Direct-Access     VBOX     HARDDISK         1.0  PQ: 0 ANSI: 5
[    8.552135] scsi target2:0:1: Beginning Domain Validation
[    8.554522] random: fast init done
[    8.555204] scsi target2:0:1: Domain Validation skipping write tests
[    8.556204] scsi target2:0:1: Ending Domain Validation
[    8.557036] scsi target2:0:1: asynchronous
[    8.560543] random: systemd-udevd: uninitialized urandom read (16 bytes read)
[    8.561592] random: systemd-udevd: uninitialized urandom read (16 bytes read)
[    8.562663] random: systemd-udevd: uninitialized urandom read (16 bytes read)
[    8.563806] sd 2:0:0:0: Attached scsi generic sg0 type 0
[    8.563919] sd 2:0:0:0: [sda] 83886080 512-byte logical blocks: (42.9 GB/40.0 GiB)
[    8.565135] sd 2:0:1:0: Attached scsi generic sg1 type 0
[    8.565916] sd 2:0:0:0: [sda] Write Protect is off
[    8.567554] sd 2:0:0:0: [sda] Incomplete mode parameter data
[    8.567560] sd 2:0:1:0: [sdb] 20480 512-byte logical blocks: (10.5 MB/10.0 MiB)
[    8.568412] sd 2:0:0:0: [sda] Assuming drive cache: write through
[    8.570619] sd 2:0:1:0: [sdb] Write Protect is off
[    8.571455]  sda: sda1
[    8.571937] sd 2:0:1:0: [sdb] Incomplete mode parameter data
[    8.572837] sd 2:0:1:0: [sdb] Assuming drive cache: write through
[    8.574503] sd 2:0:0:0: [sda] Attached SCSI disk
[    8.576387] sd 2:0:1:0: [sdb] Attached SCSI disk
[    8.588829] e1000 0000:00:08.0 eth1: (PCI:33MHz:32-bit) 08:00:27:8f:8b:3d
[    8.589903] e1000 0000:00:08.0 eth1: Intel(R) PRO/1000 Network Connection
[    8.591715] e1000 0000:00:03.0 enp0s3: renamed from eth0
[    8.608320] e1000 0000:00:08.0 enp0s8: renamed from eth1
Begin: Loading essential drivers ... [   10.144037] raid6: sse2x1   gen() 15623 MB/s
[   10.192041] raid6: sse2x1   xor() 11309 MB/s
[   10.240044] raid6: sse2x2   gen() 19258 MB/s
[   10.288048] raid6: sse2x2   xor() 13023 MB/s
[   10.336048] raid6: sse2x4   gen() 22288 MB/s
[   10.384046] raid6: sse2x4   xor() 14057 MB/s
[   10.432036] raid6: avx2x1   gen() 31198 MB/s
[   10.480036] raid6: avx2x1   xor() 21707 MB/s
[   10.528035] raid6: avx2x2   gen() 37075 MB/s
[   10.576037] raid6: avx2x2   xor() 21693 MB/s
[   10.624028] raid6: avx2x4   gen() 40669 MB/s
[   10.672041] raid6: avx2x4   xor() 23053 MB/s
[   10.672744] raid6: using algorithm avx2x4 gen() 40669 MB/s
[   10.673547] raid6: .... xor() 23053 MB/s, rmw enabled
[   10.674295] raid6: using avx2x2 recovery algorithm
[   10.676106] xor: automatically using best checksumming function   avx       
[   10.677960] async_tx: api initialized (async)
done.
Begin: Running /scripts/init-premount ... done.
Begin: Mounting root file system ... Begin: Running /scripts/local-top ... done.
Begin: Running /scripts/local-premount ... [   10.714430] Btrfs loaded, crc32c=crc32c-intel
Scanning for Btrfs filesystems
done.
Warning: fsck not present, so skipping root file system
[   10.736219] EXT4-fs (sda1): mounted filesystem with ordered data mode. Opts: (null)
done.
Begin: Running /scripts/local-bottom ... done.
Begin: Running /scripts/init-bottom ... done.
[   10.913097] ip_tables: (C) 2000-2006 Netfilter Core Team
[   10.920966] systemd[1]: systemd 237 running in system mode. (+PAM +AUDIT +SELINUX +IMA +APPARMOR +SMACK +SYSVINIT +UTMP +LIBCRYPTSETUP +GCRYPT +GNUTLS +ACL +XZ +LZ4 +SECCOMP +BLKID +ELFUTILS +KMOD -IDN2 +IDN -PCRE2 default-hierarchy=hybrid)
[   10.924081] systemd[1]: Detected virtualization oracle.
[   10.924910] systemd[1]: Detected architecture x86-64.

Welcome to [1mUbuntu 18.04.6 LTS[0m!

[   10.941177] systemd[1]: Set hostname to <ubuntu>.
[   10.951719] systemd[1]: Initializing machine ID from random generator.
[   10.957048] systemd[1]: Installed transient /etc/machine-id file.
[   11.794568] systemd[1]: Reached target User and Group Name Lookups.
[[0;32m  OK  [0m] Reached target User and Group Name Lookups.
[   11.796299] systemd[1]: Reached target Swap.
[[0;32m  OK  [0m] Reached target Swap.
[   11.808050] systemd[1]: Reached target System Time Synchronized.
[[0;32m  OK  [0m] Reached target System Time Synchronized.
[   11.820075] systemd[1]: Started Forward Password Requests to Wall Directory Watch.
[[0;32m  OK  [0m] Started Forward Password Requests to Wall Directory Watch.
[[0;32m  OK  [0m] Created slice System Slice.
[[0;32m  OK  [0m] Listening on /dev/initctl Compatibility Named Pipe.
[[0;32m  OK  [0m] Listening on Journal Audit Socket.
[[0;32m  OK  [0m] Listening on Journal Socket (/dev/log).
[[0;32m  OK  [0m] Listening on LVM2 metadata daemon socket.
[[0;32m  OK  [0m] Listening on Journal Socket.
         Starting Uncomplicated firewall...
         Starting Create list of required stâ€¦ce nodes for the current kernel...
         Mounting Kernel Debug File System...
         Mounting Huge Pages File System...
[[0;32m  OK  [0m] Listening on LVM2 poll daemon socket.
[[0;32m  OK  [0m] Listening on udev Control Socket.
[[0;32m  OK  [0m] Listening on fsck to fsckd communication Socket.
         Starting File System Check on Root Device...
[[0;32m  OK  [0m] Created slice system-serial\x2dgetty.slice.
[[0;32m  OK  [0m] Created slice User and Session Slice.
[[0;32m  OK  [0m] Reached target Slices.
[[0;32m  OK  [0m] Listening on Network Service Netlink Socket.
[[0;32m  OK  [0m] Set up automount Arbitrary Executabâ€¦rmats File System Automount Point.
[[0;32m  OK  [0m] Listening on Syslog Socket.
         Starting Journal Service...
         Starting Load Kernel Modules...
[[0;32m  OK  [0m] Listening on Device-mapper event daemon FIFOs.
[   11.898063] Loading iSCSI transport class v2.0-870.
         Starting Monitoring of LVM2 mirrorsâ€¦ng dmeventd or progress polling...
         Mounting POSIX Message Queue File System...
         Starting Set the console keyboard layout...
[[0;32m  OK  [0m] Listening on udev Kernel Socket.
         Starting udev Coldplug all Devices...
[[0;32m  OK  [0m] Started Uncomplicated firewall.
[[0;32m  OK  [0m] Started Create list of required staâ€¦vice nodes for the current kernel.
[   11.906152] iscsi: registered transport (tcp)
[[0;32m  OK  [0m] Mounted Kernel Debug File System.
[[0;32m  OK  [0m] Mounted Huge Pages File System.
[[0;32m  OK  [0m] Mounted POSIX Message Queue File System.
[[0;32m  OK  [0m] Started File System Check Daemon to report status.
         Starting Create Static Device Nodes in /dev...
[   11.919836] iscsi: registered transport (iser)
[[0;32m  OK  [0m] Started Load Kernel Modules.
         Mounting FUSE Control File System...
         Mounting Kernel Configuration File System...
         Starting Apply Kernel Variables...
[[0;32m  OK  [0m] Mounted FUSE Control File System.
[[0;32m  OK  [0m] Mounted Kernel Configuration File System.
[[0;32m  OK  [0m] Started File System Check on Root Device.
         Starting Remount Root and Kernel File Systems...
[[0;32m  OK  [0m] Started Journal Service.
[[0;32m  OK  [0m] Started LVM2 metadata daemon.
[[0;32m  OK  [0m] Started Create Static Device Nodes in /dev.
[[0;32m  OK  [0m] Started udev Coldplug all Devices.
[[0;32m  OK  [0m] Started Remount Root and Kernel File Systems.
[[0;32m  OK  [0m] Started Apply Kernel Variables.
         Starting Load/Save Random Seed...
         Starting Flush Journal to Persistent Storage...
         Starting udev Kernel Device Manager...
[[0;32m  OK  [0m] Started Load/Save Random Seed.
[[0;32m  OK  [0m] Started Monitoring of LVM2 mirrors,â€¦sing dmeventd or progress polling.
[[0;32m  OK  [0m] Started udev Kernel Device Manager.
[[0;32m  OK  [0m] Started Flush Journal to Persistent Storage.
[[0;32m  OK  [0m] Found device /dev/ttyS0.
[[0;32m  OK  [0m] Listening on Load/Save RF Kill Switch Status /dev/rfkill Watch.
[[0;32m  OK  [0m] Started Set the console keyboard layout.
[[0;32m  OK  [0m] Reached target Local File Systems (Pre).
[[0;32m  OK  [0m] Reached target Local File Systems.
         Starting Tell Plymouth To Write Out Runtime Data...
         Starting AppArmor initialization...
         Starting Set console font and keymap...
         Starting Commit a transient machine-id on disk...
         Starting Create Volatile Files and Directories...
         Starting ebtables ruleset management...
[[0;32m  OK  [0m] Started Dispatch Password Requests to Console Directory Watch.
[[0;32m  OK  [0m] Reached target Local Encrypted Volumes.
[[0;32m  OK  [0m] Started Tell Plymouth To Write Out Runtime Data.
[[0;32m  OK  [0m] Started Set console font and keymap.
[[0;32m  OK  [0m] Started Create Volatile Files and Directories.
         Starting Update UTMP about System Boot/Shutdown...
[[0;32m  OK  [0m] Started Update UTMP about System Boot/Shutdown.
[[0;32m  OK  [0m] Started Commit a transient machine-id on disk.
[[0;32m  OK  [0m] Started ebtables ruleset management.
[[0;32m  OK  [0m] Started AppArmor initialization.
         Starting Initial cloud-init job (pre-networking)...
         Starting Load AppArmor profiles managed internally by snapd...
[[0;32m  OK  [0m] Started Load AppArmor profiles managed internally by snapd.
[   14.946617] cloud-init[699]: Cloud-init v. 21.4-0ubuntu1~18.04.1 running 'init-local' at Fri, 26 May 2023 13:00:55 +0000. Up 14.64 seconds.
[[0;32m  OK  [0m] Started Initial cloud-init job (pre-networking).
[[0;32m  OK  [0m] Reached target Network (Pre).
         Starting Network Service...
[[0;32m  OK  [0m] Started Network Service.
         Starting Network Name Resolution...
         Starting Wait for Network to be Configured...
[[0;32m  OK  [0m] Started Network Name Resolution.
[[0;32m  OK  [0m] Reached target Network.
[[0;32m  OK  [0m] Reached target Host and Network Name Lookups.
[[0;32m  OK  [0m] Started Wait for Network to be Configured.
         Starting Initial cloud-init job (metadata service crawler)...
[   17.003328] cloud-init[821]: Cloud-init v. 21.4-0ubuntu1~18.04.1 running 'init' at Fri, 26 May 2023 13:00:57 +0000. Up 16.85 seconds.
[   17.004644] cloud-init[821]: ci-info: ++++++++++++++++++++++++++++++++++++++Net device info+++++++++++++++++++++++++++++++++++++++
[   17.005640] cloud-init[821]: ci-info: +--------+-------+----------------------------+---------------+--------+-------------------+
[   17.006819] cloud-init[821]: ci-info: | Device |   Up  |          Address           |      Mask     | Scope  |     Hw-Address    |
[   17.007954] cloud-init[821]: ci-info: +--------+-------+----------------------------+---------------+--------+-------------------+
[   17.009770] cloud-init[821]: ci-info: | enp0s3 |  True |         10.0.2.15          | 255.255.255.0 | global | 02:c8:d3:21:ca:c6 |
[   17.010793] cloud-init[821]: ci-info: | enp0s3 |  True | fe80::c8:d3ff:fe21:cac6/64 |       .       |  link  | 02:c8:d3:21:ca:c6 |
[   17.011949] cloud-init[821]: ci-info: | enp0s8 | False |             .              |       .       |   .    | 08:00:27:8f:8b:3d |
[   17.013689] cloud-init[821]: ci-info: |   lo   |  True |         127.0.0.1          |   255.0.0.0   |  host  |         .         |
[   17.015348] cloud-init[821]: ci-info: |   lo   |  True |          ::1/128           |       .       |  host  |         .         |
[   17.016815] cloud-init[821]: ci-info: +--------+-------+----------------------------+---------------+--------+-------------------+
[   17.018189] cloud-init[821]: ci-info: ++++++++++++++++++++++++++++Route IPv4 info+++++++++++++++++++++++++++++
[   17.019384] cloud-init[821]: ci-info: +-------+-------------+----------+-----------------+-----------+-------+
[   17.020591] cloud-init[821]: ci-info: | Route | Destination | Gateway  |     Genmask     | Interface | Flags |
[   17.021773] cloud-init[821]: ci-info: +-------+-------------+----------+-----------------+-----------+-------+
[   17.022952] cloud-init[821]: ci-info: |   0   |   0.0.0.0   | 10.0.2.2 |     0.0.0.0     |   enp0s3  |   UG  |
[   17.024176] cloud-init[821]: ci-info: |   1   |   10.0.2.0  | 0.0.0.0  |  255.255.255.0  |   enp0s3  |   U   |
[   17.025397] cloud-init[821]: ci-info: |   2   |   10.0.2.2  | 0.0.0.0  | 255.255.255.255 |   enp0s3  |   UH  |
[   17.026614] cloud-init[821]: ci-info: +-------+-------------+----------+-----------------+-----------+-------+
[   17.027814] cloud-init[821]: ci-info: +++++++++++++++++++Route IPv6 info+++++++++++++++++++
[   17.028887] cloud-init[821]: ci-info: +-------+-------------+---------+-----------+-------+
[   17.029941] cloud-init[821]: ci-info: | Route | Destination | Gateway | Interface | Flags |
[   17.030961] cloud-init[821]: ci-info: +-------+-------------+---------+-----------+-------+
[   17.033593] cloud-init[821]: ci-info: |   1   |  fe80::/64  |    ::   |   enp0s3  |   U   |
[   17.034701] cloud-init[821]: ci-info: |   3   |    local    |    ::   |   enp0s3  |   U   |
[   17.035722] cloud-init[821]: ci-info: |   4   |   ff00::/8  |    ::   |   enp0s3  |   U   |
[   17.036772] cloud-init[821]: ci-info: +-------+-------------+---------+-----------+-------+
[   18.028871] cloud-init[821]: Generating public/private rsa key pair.
[   18.029387] cloud-init[821]: Your identification has been saved in /etc/ssh/ssh_host_rsa_key.
[   18.030214] cloud-init[821]: Your public key has been saved in /etc/ssh/ssh_host_rsa_key.pub.
[   18.030839] cloud-init[821]: The key fingerprint is:
[   18.031394] cloud-init[821]: SHA256:8qlm/XmQYBjeqxfzsOSjZeq2UpSjJsB3jcwW7yu8fWQ root@ubuntu-bionic
[   18.032195] cloud-init[821]: The key's randomart image is:
[   18.032641] cloud-init[821]: +---[RSA 2048]----+
[   18.033159] cloud-init[821]: |                 |
[   18.033572] cloud-init[821]: |     ..          |
[   18.034087] cloud-init[821]: |.   o.==         |
[   18.034490] cloud-init[821]: |.. . **o+        |
[   18.035019] cloud-init[821]: | .. ooooSo .     |
[   18.035582] cloud-init[821]: |  . o .+*Eo      |
[   18.036207] cloud-init[821]: |   o.. =O* .     |
[   18.036770] cloud-init[821]: |    .o***....    |
[   18.037184] cloud-init[821]: |     BO=.oo.     |
[   18.037728] cloud-init[821]: +----[SHA256]-----+
[   18.038137] cloud-init[821]: Generating public/private dsa key pair.
[   18.038817] cloud-init[821]: Your identification has been saved in /etc/ssh/ssh_host_dsa_key.
[   18.039396] cloud-init[821]: Your public key has been saved in /etc/ssh/ssh_host_dsa_key.pub.
[   18.040196] cloud-init[821]: The key fingerprint is:
[   18.040529] cloud-init[821]: SHA256:3vz65flCcfUACT49B7pIiQWepx41gpUcl2wabaMCC8M root@ubuntu-bionic
[   18.041434] cloud-init[821]: The key's randomart image is:
[   18.041912] cloud-init[821]: +---[DSA 1024]----+
[   18.042426] cloud-init[821]: |.    .+*o...oo   |
[   18.042826] cloud-init[821]: |oE.  ++=Bo o... .|
[   18.043351] cloud-init[821]: | o o. =**.+ o ..o|
[   18.043849] cloud-init[821]: |  . . o* o o o. o|
[   18.044282] cloud-init[821]: |     .o S .    o |
[   18.044795] cloud-init[821]: |     . o o    .  |
[   18.045207] cloud-init[821]: |      . . o  ..  |
[   18.045727] cloud-init[821]: |           . o.. |
[   18.046135] cloud-init[821]: |          .oo oo.|
[   18.046650] cloud-init[821]: +----[SHA256]-----+
[   18.047138] cloud-init[821]: Generating public/private ecdsa key pair.
[   18.047721] cloud-init[821]: Your identification has been saved in /etc/ssh/ssh_host_ecdsa_key.
[   18.048424] cloud-init[821]: Your public key has been saved in /etc/ssh/ssh_host_ecdsa_key.pub.
[   18.049246] cloud-init[821]: The key fingerprint is:
[   18.049681] cloud-init[821]: SHA256:8OKMeX823Hp1KAduEPWsp8roDKK7/+MxTlWpInUSFp4 root@ubuntu-bionic
[   18.050531] cloud-init[821]: The key's randomart image is:
[   18.051011] cloud-init[821]: +---[ECDSA 256]---+
[   18.051527] cloud-init[821]: |      +.   ..    |
[   18.052120] cloud-init[821]: |     o o  .. o   |
[   18.052615] cloud-init[821]: |      E . o.  o  |
[   18.053109] cloud-init[821]: |     . = o. ..   |
[   18.053628] cloud-init[821]: |    . o S  o.... |
[   18.054039] cloud-init[821]: |     * +    +o+ .|
[   18.054555] cloud-init[821]: |    + O  . o.+ . |
[   18.055176] cloud-init[821]: |   . =.* o=.o    |
[   18.055763] cloud-init[821]: |  ++.o+o=o++     |
[   18.056359] cloud-init[821]: +----[SHA256]-----+
[   18.056924] cloud-init[821]: Generating public/private ed25519 key pair.
[   18.057651] cloud-init[821]: Your identification has been saved in /etc/ssh/ssh_host_ed25519_key.
[   18.058553] cloud-init[821]: Your public key has been saved in /etc/ssh/ssh_host_ed25519_key.pub.
[   18.059451] cloud-init[821]: The key fingerprint is:
[   18.060112] cloud-init[821]: SHA256:erk3NawicNktBx8aELCs0+z7S7JhSVQE6d9i2qasW4I root@ubuntu-bionic
[   18.060859] cloud-init[821]: The key's randomart image is:
[   18.061464] cloud-init[821]: +--[ED25519 256]--+
[   18.061764] cloud-init[821]: |    o=+.         |
[   18.062339] cloud-init[821]: |   ..o.          |
[   18.062761] cloud-init[821]: |   .+  .         |
[   18.063291] cloud-init[821]: |   =.   o .      |
[   18.063741] cloud-init[821]: |  o +. +S* o     |
[   18.064531] cloud-init[821]: | . +..*.=.+ +    |
[   18.065151] cloud-init[821]: |E . B*o.oo o .   |
[   18.065761] cloud-init[821]: |   =.*+...+      |
[   18.066393] cloud-init[821]: |  oo=+oo.o .     |
[   18.067006] cloud-init[821]: +----[SHA256]-----+
[[0;32m  OK  [0m] Started Initial cloud-init job (metadata service crawler).
[[0;32m  OK  [0m] Reached target System Initialization.
[[0;32m  OK  [0m] Started Daily apt download activities.
[[0;32m  OK  [0m] Listening on UUID daemon activation socket.
         Starting Socket activation for snappy daemon.
[[0;32m  OK  [0m] Started Ubuntu Advantage Timer for running repeated jobs.
[[0;32m  OK  [0m] Listening on Open-iSCSI iscsid Socket.
[[0;32m  OK  [0m] Listening on ACPID Listen Socket.
[[0;32m  OK  [0m] Listening on cloud-init hotplug hook socket.
[[0;32m  OK  [0m] Started Daily Cleanup of Temporary Directories.
[[0;32m  OK  [0m] Started ACPI Events Check.
         Starting LXD - unix socket.
[[0;32m  OK  [0m] Listening on D-Bus System Message Bus Socket.
[[0;32m  OK  [0m] Started Trigger to poll for Ubuntu â€¦(Only enabled on GCP LTS non-pro).
[[0;32m  OK  [0m] Reached target Paths.
[[0;32m  OK  [0m] Started Message of the Day.
[[0;32m  OK  [0m] Started Daily apt upgrade and clean activities.
[[0;32m  OK  [0m] Started Discard unused blocks once a week.
[[0;32m  OK  [0m] Reached target Timers.
[[0;32m  OK  [0m] Reached target Cloud-config availability.
[[0;32m  OK  [0m] Reached target Network is Online.
         Starting Availability of block devices...
[[0;32m  OK  [0m] Reached target Remote File Systems (Pre).
[[0;32m  OK  [0m] Reached target Remote File Systems.
[[0;32m  OK  [0m] Listening on Socket activation for snappy daemon.
[[0;32m  OK  [0m] Listening on LXD - unix socket.
[[0;32m  OK  [0m] Reached target Sockets.
[[0;32m  OK  [0m] Reached target Basic System.
         Starting Login Service...
[[0;32m  OK  [0m] Started irqbalance daemon.
         Starting Accounts Service...
         Starting Pollinate to seed the pseudo random number generator...
[[0;32m  OK  [0m] Started FUSE filesystem for LXC.
         Starting Virtualbox guest utils...
         Starting LXD - container startup/shutdown...
         Starting System Logging Service...
[[0;32m  OK  [0m] Started Regular background program processing daemon.
[[0;32m  OK  [0m] Started D-Bus System Message Bus.
[[0;32m  OK  [0m] Started Deferred execution scheduler.
         Starting LSB: automatic crash report generation...
         Starting Dispatcher daemon for systemd-networkd...
         Starting Permit User Sessions...
         Starting LSB: Record successful boot for GRUB...
         Starting Snap Daemon...
[[0;32m  OK  [0m] Started System Logging Service.
[[0;32m  OK  [0m] Started Availability of block devices.
[[0;32m  OK  [0m] Started LXD - container startup/shutdown.
[[0;32m  OK  [0m] Started Permit User Sessions.
[[0;32m  OK  [0m] Started Login Service.
         Starting Authorization Manager...
[[0;32m  OK  [0m] Started Unattended Upgrades Shutdown.
         Starting Terminate Plymouth Boot Screen...
         Starting Hold until boot process finishes up...
[[0;32m  OK  [0m] Started Hold until boot process finishes up.
[[0;32m  OK  [0m] Started Serial Getty on ttyS0.
         Starting Set console scheme...
[[0;32m  OK  [0m] Started Terminate Plymouth Boot Screen.
[[0;32m  OK  [0m] Started Authorization Manager.
[[0;32m  OK  [0m] Started Accounts Service.
[[0;32m  OK  [0m] Started LSB: automatic crash report generation.
[[0;32m  OK  [0m] Started Set console scheme.
[[0;32m  OK  [0m] Created slice system-getty.slice.
[[0;32m  OK  [0m] Started Getty on tty1.
[[0;32m  OK  [0m] Reached target Login Prompts.
[[0;32m  OK  [0m] Started LSB: Record successful boot for GRUB.
[[0;32m  OK  [0m] Started Virtualbox guest utils.
[[0;32m  OK  [0m] Started Dispatcher daemon for systemd-networkd.
[[0;32m  OK  [0m] Started Snap Daemon.
         Starting Wait until snapd is fully seeded...
         Starting Time & Date Service...
[[0;32m  OK  [0m] Started Time & Date Service.

Ubuntu 18.04.6 LTS ubuntu-bionic ttyS0

ubuntu-bionic login: [   60.254248] cloud-init[2988]: Cloud-init v. 21.4-0ubuntu1~18.04.1 running 'modules:config' at Fri, 26 May 2023 13:01:40 +0000. Up 59.93 seconds.
ci-info: no authorized SSH keys fingerprints found for user ubuntu.
<14>May 26 13:01:41 cloud-init: #############################################################
<14>May 26 13:01:41 cloud-init: -----BEGIN SSH HOST KEY FINGERPRINTS-----
<14>May 26 13:01:41 cloud-init: 1024 SHA256:3vz65flCcfUACT49B7pIiQWepx41gpUcl2wabaMCC8M root@ubuntu-bionic (DSA)
<14>May 26 13:01:41 cloud-init: 256 SHA256:8OKMeX823Hp1KAduEPWsp8roDKK7/+MxTlWpInUSFp4 root@ubuntu-bionic (ECDSA)
<14>May 26 13:01:41 cloud-init: 256 SHA256:erk3NawicNktBx8aELCs0+z7S7JhSVQE6d9i2qasW4I root@ubuntu-bionic (ED25519)
<14>May 26 13:01:41 cloud-init: 2048 SHA256:8qlm/XmQYBjeqxfzsOSjZeq2UpSjJsB3jcwW7yu8fWQ root@ubuntu-bionic (RSA)
<14>May 26 13:01:41 cloud-init: -----END SSH HOST KEY FINGERPRINTS-----
<14>May 26 13:01:41 cloud-init: #############################################################
-----BEGIN SSH HOST KEY KEYS-----
ecdsa-sha2-nistp256 AAAAE2VjZHNhLXNoYTItbmlzdHAyNTYAAAAIbmlzdHAyNTYAAABBBMMrjKS/ger83KHDTbdEpILFKednL7LbBA7nJDPfN5zsPGulbtHbnam3+WX3FSV1wHkg41QUfnfQqmtbraXTPgg= root@ubuntu-bionic
ssh-ed25519 AAAAC3NzaC1lZDI1NTE5AAAAINuqUuXlyeUN+xSm/GY/TZLzywPlLB8uX9DH3iZ7WSjS root@ubuntu-bionic
ssh-rsa AAAAB3NzaC1yc2EAAAADAQABAAABAQDzzLmjxwfreVvSWiJPx0snhGJX0voEf6vh9u/IGzBQi3PEiaX2hrjS46vE7NSxskcUfrRH+GMgQDlf1XwuOYi3y+i0dkXiK+7mIzUH77+Zd1vWZdaw2JrVBMlertZl5BBDJ/3dngGbh1rgrKth8zumfgvYWe2e2FiXVngpeB3D7iKPSXaNd6OmV3CbGoPwI/ZLK/A3aHmftRO8pyPL1ipUYiIPYoU/ZyEjS9gdzQ+bHCGuz/pTSL0G5T56v8wapEotNxqDOQcDbQ4UbHuU1H/jhjh4SBLOc9mDUfq8VtzK5crmZvU4Fjm9IGZDVJcXeccERxBLKXaEWtaGNZxhmEyz root@ubuntu-bionic
-----END SSH HOST KEY KEYS-----
[   60.780379] cloud-init[3055]: Cloud-init v. 21.4-0ubuntu1~18.04.1 running 'modules:final' at Fri, 26 May 2023 13:01:41 +0000. Up 60.63 seconds.
[   60.781603] cloud-init[3055]: ci-info: no authorized SSH keys fingerprints found for user ubuntu.
[   60.782450] cloud-init[3055]: Cloud-init v. 21.4-0ubuntu1~18.04.1 finished at Fri, 26 May 2023 13:01:41 +0000. Datasource DataSourceNoCloud [seed=/dev/sdb][dsmode=net].  Up 60.77 seconds
